



Exercise 1:  Working with Data Volumes

1. Mount a host directory as a data volume
1.1 PowerShell
1.2 docker ps
1.3 create a directory on the host operating system
1.4 mkdir c:\MyData
1.5 "File created on the host: $(hostname)" >> C:\MyData\file.txt
1.6 gc C:\MyData\file.txt
1.7 docker run -it -v C:/MyData/:C:/Data/ microsoft/nanoserver powershell
1.8 hostname
1.9 dir
1.10 dir c:\data
1.11 gc c:\data\file.txt
1.12 "File is updated by container: $(hostname)" >> c:\data\file.txt
1.13 gc c:\data\file.txt
1.14 exit
1.15 gc C:\MyData\file.txt
1.16 docker inspect CONTAINER ID
1.17 JSON

2. Mount a shared-storage volume as a data volume
2.1 docker start <<CONTAINER-ID>>
2.2 PowerShell
2.3 docker volume create -d local myvolume
2.4 docker volume ls
2.5 docker inspect myvolume
2.6 docker run -it -v myvolume:C:/Data/ microsoft/nanoserver powershell
2.7 dir
2.8 "File created on the host $(hostname)" >> c:\data\sample.txt
2.9 gc c:\data\sample.txt
2.10 exit
2.11 gc C:\\ProgramData\\docker\\volumes\\myvolume\\_data\sample.txt


Exercise 2:  Working with Docker-Compose 

1. Running Multi-Container Applications using Docker Compose
1.1 cd C:\labs\module3\compose

cd C:\Users\admin\Desktop\Alfa\Alfa\Labs\labs\module3\compose

1.2 dir

PS C:\Users\admin\Desktop\Alfa\Alfa\Labs\labs\module3\compose> dir


    Directory: C:\Users\admin\Desktop\Alfa\Alfa\Labs\labs\module3\compose


Mode                LastWriteTime         Length Name
----                -------------         ------ ----
d-----        9/13/2017  12:08 PM                mywebapi
d-----        9/13/2017  12:08 PM                mywebapp
-a----        8/23/2017   7:12 PM            253 docker-compose.yml


PS C:\Users\admin\Desktop\Alfa\Alfa\Labs\labs\module3\compose>

1.3 gc .\mywebapp\Controllers\HomeController.cs
1.4 http://demowebapi:9000/api/quotes
1.5 gc .\docker-compose.yml

2. Docker Compose Up
2.1 docker-compose.exe up -d

PS C:\Users\admin\Desktop\Alfa\Alfa\Labs\labs\module3\compose> docker ps
CONTAINER ID        IMAGE               COMMAND             CREATED             STATUS              PORTS                    NAMES
8014b6da8d11        mynodejsv2          "npm start"         19 minutes ago      Up 19 minutes       0.0.0.0:8080->8080/tcp   elated_babbage
PS C:\Users\admin\Desktop\Alfa\Alfa\Labs\labs\module3\compose>

PS C:\Users\admin\Desktop\Alfa\Alfa\Labs\labs\module3\compose> docker-compose.exe up -d
ERROR: Network nat declared as external, but could not be found. Please create the network manually using `docker network create nat` and try again.
PS C:\Users\admin\Desktop\Alfa\Alfa\Labs\labs\module3\compose>

PS C:\Users\admin\Desktop\Alfa\Alfa\Labs\labs\module3\compose>
PS C:\Users\admin\Desktop\Alfa\Alfa\Labs\labs\module3\compose> docker network create nat
4b0334dac0696c7287df5b25b80d0f21a3fd95f77fdf7c006b53caa8373cdf64
PS C:\Users\admin\Desktop\Alfa\Alfa\Labs\labs\module3\compose> docker network ls
NETWORK ID          NAME                                        DRIVER              SCOPE
581bf7fd60e0        bridge                                      bridge              local
56b816dcc69d        dockercompose17316892740768144171_default   bridge              local
f70dfd8ee6cb        dockercompose18307605796376544542_default   bridge              local
2ddf1928fb2c        eshoponcontainers_default                   bridge              local
5ba7095dcc93        host                                        host                local
4b0334dac069        nat                                         bridge              local
0010b48303ee        none                                        null                local

PS C:\Users\admin\Desktop\Alfa\Alfa\Labs\labs\module3\compose> docker-compose.exe up -d
Building demowebapi
Step 1/6 : FROM microsoft/dotnet:nanoserver
nanoserver: Pulling from microsoft/dotnet
bce2fbc256ea: Pulling fs layer
5cd49617cf50: Pulling fs layer
dada9e44bef9: Download complete
78058b6e1b82: Waiting
57af6345cd67: Waiting
252fe892315a: Waiting
98c841ffd63d: Waiting
adf9a231e2bf: Waiting
10ba8bee8def: Waiting
ERROR: Service 'demowebapi' failed to build: image operating system "windows" cannot be used on this platform


---

PS C:\Users\admin\Desktop\Alfa\Alfa\Labs\labs\module3\compose> docker-compose.exe up -d
Building demowebapi
Step 1/6 : FROM microsoft/dotnet:nanoserver
 ---> ac3698bedb43
Step 2/6 : WORKDIR /app
 ---> c6fbc517e8ca
Removing intermediate container f83d2d6b97cd
Step 3/6 : COPY published ./
 ---> 323d9159c811
Removing intermediate container 8eaca8b44659
Step 4/6 : ENV ASPNETCORE_URLS http://+:9000
 ---> Running in f501375dcc34
 ---> 83bbbb3bc481
Removing intermediate container f501375dcc34
Step 5/6 : EXPOSE 9000
 ---> Running in 519b94d8067a
 ---> 3e857307dbc5
Removing intermediate container 519b94d8067a
Step 6/6 : ENTRYPOINT dotnet mywebapi.dll
 ---> Running in 517b3054cdfb
 ---> d2e132673f56
Removing intermediate container 517b3054cdfb
Successfully built d2e132673f56
Successfully tagged compose_demowebapi:latest
WARNING: Image for service demowebapi was built because it did not already exist. To rebuild this image you must use `docker-compose build` or `docker-compose up --build`.
Building demowebapp
Step 1/6 : FROM microsoft/dotnet:nanoserver
 ---> ac3698bedb43
Step 2/6 : WORKDIR /app
 ---> Using cache
 ---> c6fbc517e8ca
Step 3/6 : COPY published ./
 ---> e9f82a5c01fd
Removing intermediate container be3ec23a73ed
Step 4/6 : ENV ASPNETCORE_URLS http://+:80
 ---> Running in fd471db079d2
 ---> f4b8503b3930
Removing intermediate container fd471db079d2
Step 5/6 : EXPOSE 80
 ---> Running in b457f360acb9
 ---> 6514fb72e125
Removing intermediate container b457f360acb9
Step 6/6 : ENTRYPOINT dotnet mywebapp.dll
 ---> Running in 9f84b973e1dd
 ---> 8aa3a2aeb701
Removing intermediate container 9f84b973e1dd
Successfully built 8aa3a2aeb701
Successfully tagged compose_demowebapp:latest
WARNING: Image for service demowebapp was built because it did not already exist. To rebuild this image you must use `docker-compose build` or `docker-compose up --build`.
Creating compose_demowebapi_1 ...
Creating compose_demowebapi_1 ... done
Creating compose_demowebapp_1 ...
Creating compose_demowebapp_1 ... done
PS C:\Users\admin\Desktop\Alfa\Alfa\Labs\labs\module3\compose>


---


2.2 docker ps

PS C:\Users\admin\Desktop\Alfa\Alfa\Labs\labs\module3\compose> docker ps
CONTAINER ID        IMAGE                COMMAND                 CREATED              STATUS              PORTS                    NAMES
b9f7e82f9032        compose_demowebapp   "dotnet mywebapp.dll"   About a minute ago   Up 58 seconds       0.0.0.0:80->80/tcp       compose_demowebapp_1
87eeda575080        compose_demowebapi   "dotnet mywebapi.dll"   About a minute ago   Up About a minute   0.0.0.0:9000->9000/tcp   compose_demowebapi_1
PS C:\Users\admin\Desktop\Alfa\Alfa\Labs\labs\module3\compose>



PS C:\Users\admin\Desktop\Alfa\Alfa\Labs\labs\module3\compose> docker exec -it b9f7e82f9032 powershell

Windows PowerShell
Copyright (C) 2016 Microsoft Corporation. All rights reserved.

PS C:\app> ipconfig

Windows IP Configuration


Ethernet adapter Ethernet:

   Connection-specific DNS Suffix  . :
   Link-local IPv6 Address . . . . . : fe80::a915:611b:2823:8092%4
   IPv4 Address. . . . . . . . . . . : 172.26.56.43
   Subnet Mask . . . . . . . . . . . : 255.255.240.0
   Default Gateway . . . . . . . . . : 172.26.48.1
PS C:\app> netstat

Active Connections

  Proto  Local Address          Foreign Address        State
  TCP    172.26.56.43:80        L-STUDENT03:53790      ESTABLISHED
  TCP    172.26.56.43:80        L-STUDENT03:53792      ESTABLISHED
  TCP    172.26.56.43:80        L-STUDENT03:53793      ESTABLISHED
  TCP    172.26.56.43:80        L-STUDENT03:53794      ESTABLISHED
  TCP    172.26.56.43:80        L-STUDENT03:53795      ESTABLISHED
  TCP    172.26.56.43:80        L-STUDENT03:53796      ESTABLISHED
  TCP    172.26.56.43:80        L-STUDENT03:53797      ESTABLISHED
PS C:\app>


http://172.26.56.43/


3. Docker Compose Down

3.1 docker-compose.exe down
3.2 completed


Exercise 3:  Docker Networking 

PS C:\Users\admin\Desktop\Alfa\Alfa\Labs\labs\module3\compose> docker stats

CONTAINER           CPU %               PRIV WORKING SET    NET I/O             BLOCK I/O
b9f7e82f9032        0.00%               425.9MiB            36.5kB / 113kB      75.4MB / 77.3MB
87eeda575080        0.01%               303.1MiB            29.1kB / 13.4kB     162MB / 74.2MB




